Microchip MPLAB XC8 Compiler V2.10 ()

Linker command line:

-W-3 --edf=C:\Program Files (x86)\Microchip\xc8\v2.10\pic\dat\en_msgs.txt \
  -cs -h+dist/default/production\Microwave_Oven.X.production.sym \
  --cmf=dist/default/production\Microwave_Oven.X.production.cmf -z \
  -Q16F877A -oC:\Users\91818\AppData\Local\Temp\s79c.2 \
  --defsym=__MPLAB_BUILD=1 \
  -Mdist/default/production/Microwave_Oven.X.production.map -E1 -ver=XC8 \
  --acfsm=1493 -ASTACK=0110h-016Fh -pstack=STACK -ACODE=00h-07FFhx4 \
  -ASTRCODE=00h-01FFFh -ASTRING=00h-0FFhx32 -ACONST=00h-0FFhx32 \
  -AENTRY=00h-0FFhx32 -ACOMMON=070h-07Fh -ABANK0=020h-06Fh \
  -ABANK1=0A0h-0EFh -ABANK2=0110h-016Fh -ABANK3=0190h-01EFh \
  -ARAM=020h-06Fh,0A0h-0EFh,0110h-016Fh,0190h-01EFh \
  -AABS1=020h-07Fh,0A0h-0EFh,0110h-016Fh,0190h-01EFh -ASFR0=00h-01Fh \
  -ASFR1=080h-09Fh -ASFR2=0100h-010Fh -ASFR3=0180h-018Fh \
  -preset_vec=00h,intentry=04h,init,end_init -ppowerup=CODE -pcinit=CODE \
  -pfunctab=ENTRY -ACONFIG=02007h-02007h -pconfig=CONFIG -DCONFIG=2 \
  -AIDLOC=02000h-02003h -pidloc=IDLOC -DIDLOC=2 -AEEDATA=00h-0FFh/02100h \
  -peeprom_data=EEDATA -DEEDATA=2 -DCODE=2 -DSTRCODE=2 -DSTRING=2 -DCONST=2 \
  -DENTRY=2 -k C:\Users\91818\AppData\Local\Temp\s79c.o \
  dist/default/production\Microwave_Oven.X.production.o 

Object code version is 3.11

Machine type is 16F877A



                Name                               Link     Load   Length Selector   Space Scale
C:\Users\91818\AppData\Local\Temp\s79c.o
                end_init                             10       10        3        8       0
                reset_vec                             0        0        3        0       0
                config                             2007     2007        1     400E       0
dist/default/production\Microwave_Oven.X.production.o
                cinit                                13       13       15        8       0
                intentry                              4        4        C        8       0
                text22                              D06      D06       58     1A0C       0
                text21                              C5C      C5C       36     18B8       0
                text20                              DB9      DB9       63     1B72       0
                text19                              B7E      B7E        B     16FC       0
                text18                              B96      B96       10     172C       0
                text17                              B89      B89        D     1712       0
                text16                              BBB      BBB       1E     1776       0
                text15                              C29      C29       33     1852       0
                text14                              CC9      CC9       3D     1992       0
                text13                              E1C      E1C       69     1C38       0
                text12                              D5E      D5E       5B     1ABC       0
                text11                              BFE      BFE       2B     17FC       0
                text10                              BA6      BA6       15     174C       0
                text9                               B6E      B6E        8     16DC       0
                text8                               24A      24A      21F        8       0
                text7                                28       28      222        8       0
                text6                               C92      C92       37     1924       0
                text5                               EFF      EFF      101     1DFE       0
                text4                               469      469       92        8       0
                text3                               E85      E85       7A     1D0A       0
                text2                               751      751       AC      C5A       0
                text1                               BD9      BD9       25     17B2       0
                maintext                            62D      62D      124      C5A       0
                cstackBANK0                          46       46       18       20       1
                cstackCOMMON                         70       70        8       70       1
                clrtext                             B76      B76        8     16EC       0
                bssBANK0                             20       20       26       20       1
                dataCOMMON                           7A       7A        1       70       1
                bssCOMMON                            78       78        2       70       1
                stringtext                          500      500      12D        A       0
                strings                             800      800       12     1000       0
                idataCOMMON                         7FD      7FD        1      C5A       0

TOTAL           Name                               Link     Load   Length     Space
        CLASS   STACK          

        CLASS   CODE           
                end_init                             10       10        3         0
                cinit                                13       13       15         0
                intentry                              4        4        C         0
                reset_vec                             0        0        3         0
                text22                              D06      D06       58         0
                text21                              C5C      C5C       36         0
                text20                              DB9      DB9       63         0
                text19                              B7E      B7E        B         0
                text18                              B96      B96       10         0
                text17                              B89      B89        D         0
                text16                              BBB      BBB       1E         0
                text15                              C29      C29       33         0
                text14                              CC9      CC9       3D         0
                text13                              E1C      E1C       69         0
                text12                              D5E      D5E       5B         0
                text11                              BFE      BFE       2B         0
                text10                              BA6      BA6       15         0
                text9                               B6E      B6E        8         0
                text8                               24A      24A      21F         0
                text7                                28       28      222         0
                text6                               C92      C92       37         0
                text5                               EFF      EFF      101         0
                text4                               469      469       92         0
                text3                               E85      E85       7A         0
                text2                               751      751       AC         0
                text1                               BD9      BD9       25         0
                maintext                            62D      62D      124         0
                clrtext                             B76      B76        8         0
                idataCOMMON                         7FD      7FD        1         0

        CLASS   STRCODE        
                stringtext                          500      500      12D         0

        CLASS   STRING         
                strings                             800      800       12         0

        CLASS   CONST          

        CLASS   ENTRY          

        CLASS   COMMON         
                cstackCOMMON                         70       70        8         1
                dataCOMMON                           7A       7A        1         1
                bssCOMMON                            78       78        2         1

        CLASS   BANK0          
                cstackBANK0                          46       46       18         1
                bssBANK0                             20       20       26         1

        CLASS   BANK1          

        CLASS   BANK2          

        CLASS   BANK3          

        CLASS   RAM            

        CLASS   ABS1           
                abs_s1                               7E       7E        2         1

        CLASS   SFR0           

        CLASS   SFR1           

        CLASS   SFR2           

        CLASS   SFR3           

        CLASS   CONFIG         
                config                             2007     2007        1         0

        CLASS   IDLOC          

        CLASS   EEDATA         



SEGMENTS        Name                           Load    Length   Top    Selector   Space  Class     Delta

                reset_vec                      000000  000003  000003         0       0  CODE        2
                intentry                       000004  0004F7  0004FB         8       0  CODE        2
                bssBANK0                       000020  00003E  00005E        20       1  BANK0       1
                cstackCOMMON                   000070  00000B  00007B        70       1  COMMON      1
                stringtext                     000500  00012D  00062D         A       0  STRCODE     2
                maintext                       00062D  0001D1  0007FE       C5A       0  CODE        2
                strings                        000800  000012  000812      1000       0  STRING      2
                text9                          000B6E  000008  000B76      16DC       0  CODE        2
                clrtext                        000B76  000008  000B7E      16EC       0  CODE        2
                text19                         000B7E  00000B  000B89      16FC       0  CODE        2
                text17                         000B89  00000D  000B96      1712       0  CODE        2
                text18                         000B96  000010  000BA6      172C       0  CODE        2
                text10                         000BA6  000015  000BBB      174C       0  CODE        2
                text16                         000BBB  00001E  000BD9      1776       0  CODE        2
                text1                          000BD9  000025  000BFE      17B2       0  CODE        2
                text11                         000BFE  00002B  000C29      17FC       0  CODE        2
                text15                         000C29  000033  000C5C      1852       0  CODE        2
                text21                         000C5C  000036  000C92      18B8       0  CODE        2
                text6                          000C92  000037  000CC9      1924       0  CODE        2
                text14                         000CC9  00003D  000D06      1992       0  CODE        2
                text22                         000D06  000058  000D5E      1A0C       0  CODE        2
                text12                         000D5E  00005B  000DB9      1ABC       0  CODE        2
                text20                         000DB9  000063  000E1C      1B72       0  CODE        2
                text13                         000E1C  000069  000E85      1C38       0  CODE        2
                text3                          000E85  00007A  000EFF      1D0A       0  CODE        2
                text5                          000EFF  000101  001000      1DFE       0  CODE        2
                config                         002007  000001  002008      400E       0  CONFIG      2


UNUSED ADDRESS RANGES

        Name                Unused          Largest block    Delta
        BANK0            005E-006F             12           1
        BANK1            00A0-00EF             50           1
        BANK2            0110-016F             60           1
        BANK3            0190-01EF             60           1
        CODE             0003-0003              1           2
                         04FB-04FF              5
                         07FE-07FF              2
                         0812-0B6D            35C
                         1000-1FFF            800
        COMMON           007B-007D              3           1
        CONST            0003-0003              1           2
                         04FB-04FF              5
                         07FE-07FF              2
                         0812-0B6D            100
                         1000-1FFF            100
        EEDATA           2100-21FF            100           2
        ENTRY            0003-0003              1           2
                         04FB-04FF              5
                         07FE-07FF              2
                         0812-0B6D            100
                         1000-1FFF            100
        IDLOC            2000-2003              4           2
        RAM              005E-006F             12           1
                         00A0-00EF             50
                         0110-016F             60
                         0190-01EF             60
        SFR0             0000-001F             20           1
        SFR1             0080-009F             20           1
        SFR2             0100-010F             10           1
        SFR3             0180-018F             10           1
        STACK            0110-016F             60           1
        STRCODE          0003-0003              1           2
                         04FB-04FF              5
                         07FE-07FF              2
                         0812-0B6D            35C
                         1000-1FFF           1000
        STRING           0003-0003              1           2
                         04FB-04FF              5
                         07FE-07FF              2
                         0812-0B6D            100
                         1000-1FFF            100

                                  Symbol Table

?___awdiv                         cstackBANK0  0048
?___awmod                         cstackCOMMON 0073
?___wmul                          cstackCOMMON 0073
_Door_Status_Check                text6        0C92
_GIE                              (abs)        005F
_PEIE                             (abs)        005E
_PORTD                            (abs)        0008
_PR2                              (abs)        0092
_RB0                              (abs)        0030
_RB1                              (abs)        0031
_RB2                              (abs)        0032
_RB3                              (abs)        0033
_RC1                              (abs)        0039
_RC2                              (abs)        003A
_RD0                              (abs)        0040
_RD1                              (abs)        0041
_RD2                              (abs)        0042
_RD3                              (abs)        0043
_RE1                              (abs)        0049
_RE2                              (abs)        004A
_T2CKPS0                          (abs)        0090
_T2CKPS1                          (abs)        0091
_TMR2IE                           (abs)        0461
_TMR2IF                           (abs)        0061
_TMR2ON                           (abs)        0092
_TRISB                            (abs)        0086
_TRISC1                           (abs)        0439
_TRISC2                           (abs)        043A
_TRISD                            (abs)        0088
_TRISE1                           (abs)        0449
_TRISE2                           (abs)        044A
__CFG_WDTE$OFF                    (abs)        0000
__Habs1                           abs1         0000
__Hbank0                          bank0        0000
__Hbank1                          bank1        0000
__Hbank2                          bank2        0000
__Hbank3                          bank3        0000
__HbssBANK0                       bssBANK0     0000
__HbssCOMMON                      bssCOMMON    0000
__Hcinit                          cinit        0028
__Hclrtext                        clrtext      0000
__Hcode                           code         0000
__Hcommon                         common       0000
__Hconfig                         config       2008
__HcstackBANK0                    cstackBANK0  0000
__HcstackCOMMON                   cstackCOMMON 0000
__HdataCOMMON                     dataCOMMON   0000
__Heeprom_data                    eeprom_data  0000
__Hend_init                       end_init     0013
__Hfunctab                        functab      0000
__HidataCOMMON                    idataCOMMON  0000
__Hidloc                          idloc        0000
__Hinit                           init         0010
__Hintentry                       intentry     0010
__Hmaintext                       maintext     0000
__Hpowerup                        powerup      0000
__Hram                            ram          0000
__Hreset_vec                      reset_vec    0003
__Hsfr0                           sfr0         0000
__Hsfr1                           sfr1         0000
__Hsfr2                           sfr2         0000
__Hsfr3                           sfr3         0000
__Hspace_0                        (abs)        2008
__Hspace_1                        (abs)        007B
__Hspace_2                        (abs)        0000
__Hspace_3                        (abs)        0000
__Hstack                          stack        0000
__Hstrings                        strings      0000
__Hstringtext                     stringtext   0000
__Htext                           text         0000
__Labs1                           abs1         0000
__Lbank0                          bank0        0000
__Lbank1                          bank1        0000
__Lbank2                          bank2        0000
__Lbank3                          bank3        0000
__LbssBANK0                       bssBANK0     0000
__LbssCOMMON                      bssCOMMON    0000
__Lcinit                          cinit        0013
__Lclrtext                        clrtext      0000
__Lcode                           code         0000
__Lcommon                         common       0000
__Lconfig                         config       2007
__LcstackBANK0                    cstackBANK0  0000
__LcstackCOMMON                   cstackCOMMON 0000
__LdataCOMMON                     dataCOMMON   0000
__Leeprom_data                    eeprom_data  0000
__Lend_init                       end_init     0010
__Lfunctab                        functab      0000
__LidataCOMMON                    idataCOMMON  0000
__Lidloc                          idloc        0000
__Linit                           init         0010
__Lintentry                       intentry     0004
__Lmaintext                       maintext     0000
__Lpowerup                        powerup      0000
__Lram                            ram          0000
__Lreset_vec                      reset_vec    0000
__Lsfr0                           sfr0         0000
__Lsfr1                           sfr1         0000
__Lsfr2                           sfr2         0000
__Lsfr3                           sfr3         0000
__Lspace_0                        (abs)        0000
__Lspace_1                        (abs)        0000
__Lspace_2                        (abs)        0000
__Lspace_3                        (abs)        0000
__Lstack                          stack        0000
__Lstrings                        strings      0000
__Lstringtext                     stringtext   0000
__Ltext                           text         0000
__S0                              (abs)        2008
__S1                              (abs)        007B
__S2                              (abs)        0000
__S3                              (abs)        0000
___awdiv                          text13       0E1C
___awdiv@counter                  cstackBANK0  004D
___awdiv@dividend                 cstackBANK0  004A
___awdiv@divisor                  cstackBANK0  0048
___awdiv@quotient                 cstackBANK0  004F
___awdiv@sign                     cstackBANK0  004E
___awmod                          text12       0D5E
___awmod@counter                  cstackBANK0  0046
___awmod@dividend                 cstackCOMMON 0075
___awmod@divisor                  cstackCOMMON 0073
___awmod@sign                     cstackBANK0  0047
___int_sp                         stack        0000
___latbits                        (abs)        0002
___sp                             stack        0000
___stackhi                        (abs)        0000
___stacklo                        (abs)        0000
___wmul                           text11       0BFE
___wmul@multiplicand              cstackCOMMON 0075
___wmul@multiplier                cstackCOMMON 0073
___wmul@product                   cstackBANK0  0046
__end_of_Door_Status_Check        text6        0CC9
__end_of___awdiv                  text13       0E85
__end_of___awmod                  text12       0DB9
__end_of___wmul                   text11       0C29
__end_of__initialization          cinit        0024
__end_of__stringtab               strings      0812
__end_of_clcd_print               text15       0C5C
__end_of_clcd_putch               text10       0BBB
__end_of_clcd_write               text21       0C92
__end_of_clear_display            text9        0B76
__end_of_cooking_mode_display     text14       0D06
__end_of_init_clcd                text19       0B89
__end_of_init_config              text16       0BD9
__end_of_init_display_controller  text20       0E1C
__end_of_init_matrix_keypad       text18       0BA6
__end_of_init_timer2              text17       0B96
__end_of_isr                      text22       0D5E
__end_of_main                     maintext     0751
__end_of_operation_call           text4        04FB
__end_of_power_on_screen          text3        0EFF
__end_of_read_matrix_keypad       text1        0BFE
__end_of_scan_keypad              text2        07FD
__end_of_set_temp                 text8        0469
__end_of_set_time                 text7        024A
__end_of_time_display             text5        1000
__initialization                  cinit        0013
__pbssBANK0                       bssBANK0     0020
__pbssCOMMON                      bssCOMMON    0078
__pcstackBANK0                    cstackBANK0  0046
__pcstackCOMMON                   cstackCOMMON 0070
__pdataCOMMON                     dataCOMMON   007A
__pidataCOMMON                    idataCOMMON  07FD
__pintentry                       intentry     0004
__pmaintext                       maintext     062D
__pstrings                        strings      0800
__pstringtext                     stringtext   0500
__ptext1                          text1        0BD9
__ptext10                         text10       0BA6
__ptext11                         text11       0BFE
__ptext12                         text12       0D5E
__ptext13                         text13       0E1C
__ptext14                         text14       0CC9
__ptext15                         text15       0C29
__ptext16                         text16       0BBB
__ptext17                         text17       0B89
__ptext18                         text18       0B96
__ptext19                         text19       0B7E
__ptext2                          text2        0751
__ptext20                         text20       0DB9
__ptext21                         text21       0C5C
__ptext22                         text22       0D06
__ptext3                          text3        0E85
__ptext4                          text4        0469
__ptext5                          text5        0EFF
__ptext6                          text6        0C92
__ptext7                          text7        0028
__ptext8                          text8        024A
__ptext9                          text9        0B6E
__size_of_Door_Status_Check       (abs)        0000
__size_of___awdiv                 (abs)        0000
__size_of___awmod                 (abs)        0000
__size_of___wmul                  (abs)        0000
__size_of_clcd_print              (abs)        0000
__size_of_clcd_putch              (abs)        0000
__size_of_clcd_write              (abs)        0000
__size_of_clear_display           (abs)        0000
__size_of_cooking_mode_display    (abs)        0000
__size_of_init_clcd               (abs)        0000
__size_of_init_config             (abs)        0000
__size_of_init_display_controller (abs)        0000
__size_of_init_matrix_keypad      (abs)        0000
__size_of_init_timer2             (abs)        0000
__size_of_isr                     (abs)        0000
__size_of_main                    (abs)        0000
__size_of_operation_call          (abs)        0000
__size_of_power_on_screen         (abs)        0000
__size_of_read_matrix_keypad      (abs)        0000
__size_of_scan_keypad             (abs)        0000
__size_of_set_temp                (abs)        0000
__size_of_set_time                (abs)        0000
__size_of_time_display            (abs)        0000
__stringbase                      strings      0812
__stringtab                       strings      0800
_clcd_print                       text15       0C29
_clcd_putch                       text10       0BA6
_clcd_write                       text21       0C5C
_clear_display                    text9        0B6E
_cooking_mode_display             text14       0CC9
_flag                             bssBANK0     0034
_heat_flag                        bssBANK0     0032
_init_clcd                        text19       0B7E
_init_config                      text16       0BBB
_init_display_controller          text20       0DB9
_init_matrix_keypad               text18       0B96
_init_timer2                      text17       0B89
_isr                              text22       0D06
_main                             maintext     062D
_min                              bssBANK0     003A
_min_array                        bssBANK0     0040
_nRBPU                            (abs)        040F
_operation_call                   text4        0469
_operation_mode                   bssBANK0     003E
_power_on_screen                  text3        0E85
_read_matrix_keypad               text1        0BD9
_reset_flag                       bssBANK0     003C
_ret                              bssBANK0     0036
_scan_keypad                      text2        0751
_sec                              bssBANK0     0038
_sec_array                        bssBANK0     0043
_set_temp                         text8        024A
_set_time                         text7        0028
_time_display                     text5        0EFF
btemp                             (abs)        007E
clcd_print@addr                   cstackBANK0  0048
clcd_print@str                    cstackBANK0  0046
clcd_putch@addr                   cstackBANK0  0051
clcd_putch@data                   cstackBANK0  0052
clcd_write@byte                   cstackCOMMON 0076
clcd_write@mode                   cstackCOMMON 0073
clear_ram0                        clrtext      0B76
end_of_initialization             cinit        0024
interrupt_function                intentry     0004
intlevel0                         functab      0000
intlevel1                         functab      0000
intlevel2                         functab      0000
intlevel3                         functab      0000
intlevel4                         functab      0000
intlevel5                         functab      0000
isr@count                         bssCOMMON    0078
main@key                          cstackBANK0  005D
operation_call@key                cstackBANK0  0059
power_on_screen@i                 cstackBANK0  0056
power_on_screen@i_126             cstackBANK0  0058
read_matrix_keypad@key            cstackCOMMON 0077
read_matrix_keypad@mode           cstackCOMMON 0076
read_matrix_keypad@once           dataCOMMON   007A
reset_vec                         reset_vec    0000
saved_w                           (abs)        007E
scan_keypad@i                     cstackCOMMON 0073
set_temp@blink                    bssBANK0     0028
set_temp@key                      cstackBANK0  0056
set_temp@key_count                bssBANK0     0024
set_temp@temp                     bssBANK0     0022
set_temp@wait                     bssBANK0     0026
set_time@blink                    bssBANK0     0030
set_time@blink_pos                bssBANK0     002C
set_time@key                      cstackBANK0  0055
set_time@key_count                bssBANK0     002A
set_time@wait                     bssBANK0     002E
start                             init         0010
start_initialization              cinit        0013
wtemp0                            (abs)        007E


FUNCTION INFORMATION:

 *************** function _main *****************
 Defined at:
		line 31 in file "main.c"
 Parameters:    Size  Location     Type
		None
 Auto vars:     Size  Location     Type
  key             1   23[BANK0 ] unsigned char 
 Return value:  Size  Location     Type
                  1    wreg      void 
 Registers used:
		wreg, fsr0l, fsr0h, status,2, status,0, btemp+1, pclath, cstack
 Tracked objects:
		On entry : 
		On exit  : 
		Unchanged: 
 Data sizes:     COMMON   BANK0   BANK1   BANK3   BANK2
      Params:         0       0       0       0       0
      Locals:         0       1       0       0       0
      Temps:          0       3       0       0       0
      Totals:         0       4       0       0       0
Total ram usage:        4 bytes
 Hardware stack levels required when called:    6
 This function calls:
		_clcd_print
		_clcd_write
		_clear_display
		_init_config
		_operation_call
		_power_on_screen
		_read_matrix_keypad
 This function is called by:
		Startup code after reset
 This function uses a non-reentrant model


 *************** function _read_matrix_keypad *****************
 Defined at:
		line 108 in file "matrix_keypad.c"
 Parameters:    Size  Location     Type
  mode            1    wreg     unsigned char 
 Auto vars:     Size  Location     Type
  mode            1    6[COMMON] unsigned char 
  key             1    7[COMMON] unsigned char 
 Return value:  Size  Location     Type
                  1    wreg      unsigned char 
 Registers used:
		wreg, status,2, status,0, pclath, cstack
 Tracked objects:
		On entry : 
		On exit  : 
		Unchanged: 
 Data sizes:     COMMON   BANK0   BANK1   BANK3   BANK2
      Params:         0       0       0       0       0
      Locals:         2       0       0       0       0
      Temps:          1       0       0       0       0
      Totals:         3       0       0       0       0
Total ram usage:        3 bytes
 Hardware stack levels used:    1
 Hardware stack levels required when called:    2
 This function calls:
		_scan_keypad
 This function is called by:
		_main
 This function uses a non-reentrant model


 *************** function _scan_keypad *****************
 Defined at:
		line 21 in file "matrix_keypad.c"
 Parameters:    Size  Location     Type
		None
 Auto vars:     Size  Location     Type
  i               2    3[COMMON] int 
 Return value:  Size  Location     Type
                  1    wreg      unsigned char 
 Registers used:
		wreg, status,2, status,0
 Tracked objects:
		On entry : 
		On exit  : 
		Unchanged: 
 Data sizes:     COMMON   BANK0   BANK1   BANK3   BANK2
      Params:         0       0       0       0       0
      Locals:         2       0       0       0       0
      Temps:          0       0       0       0       0
      Totals:         2       0       0       0       0
Total ram usage:        2 bytes
 Hardware stack levels used:    1
 Hardware stack levels required when called:    1
 This function calls:
		Nothing
 This function is called by:
		_read_matrix_keypad
 This function uses a non-reentrant model


 *************** function _power_on_screen *****************
 Defined at:
		line 173 in file "main.c"
 Parameters:    Size  Location     Type
		None
 Auto vars:     Size  Location     Type
  i               2   18[BANK0 ] int 
  i               2   16[BANK0 ] int 
 Return value:  Size  Location     Type
                  1    wreg      void 
 Registers used:
		wreg, fsr0l, fsr0h, status,2, status,0, btemp+1, pclath, cstack
 Tracked objects:
		On entry : 
		On exit  : 
		Unchanged: 
 Data sizes:     COMMON   BANK0   BANK1   BANK3   BANK2
      Params:         0       0       0       0       0
      Locals:         0       4       0       0       0
      Temps:          0       3       0       0       0
      Totals:         0       7       0       0       0
Total ram usage:        7 bytes
 Hardware stack levels used:    1
 Hardware stack levels required when called:    3
 This function calls:
		_clcd_print
		_clcd_putch
 This function is called by:
		_main
 This function uses a non-reentrant model


 *************** function _operation_call *****************
 Defined at:
		line 114 in file "main.c"
 Parameters:    Size  Location     Type
  key             1    wreg     unsigned char 
 Auto vars:     Size  Location     Type
  key             1   19[BANK0 ] unsigned char 
 Return value:  Size  Location     Type
                  1    wreg      void 
 Registers used:
		wreg, fsr0l, fsr0h, status,2, status,0, btemp+1, pclath, cstack
 Tracked objects:
		On entry : 
		On exit  : 
		Unchanged: 
 Data sizes:     COMMON   BANK0   BANK1   BANK3   BANK2
      Params:         0       0       0       0       0
      Locals:         0       1       0       0       0
      Temps:          0       2       0       0       0
      Totals:         0       3       0       0       0
Total ram usage:        3 bytes
 Hardware stack levels used:    1
 Hardware stack levels required when called:    5
 This function calls:
		_clear_display
		_cooking_mode_display
		_set_temp
		_set_time
		_time_display
 This function is called by:
		_main
 This function uses a non-reentrant model


 *************** function _time_display *****************
 Defined at:
		line 309 in file "main.c"
 Parameters:    Size  Location     Type
		None
 Auto vars:     Size  Location     Type
		None
 Return value:  Size  Location     Type
                  1    wreg      void 
 Registers used:
		wreg, fsr0l, fsr0h, status,2, status,0, btemp+1, pclath, cstack
 Tracked objects:
		On entry : 
		On exit  : 
		Unchanged: 
 Data sizes:     COMMON   BANK0   BANK1   BANK3   BANK2
      Params:         0       0       0       0       0
      Locals:         0       0       0       0       0
      Temps:          0       3       0       0       0
      Totals:         0       3       0       0       0
Total ram usage:        3 bytes
 Hardware stack levels used:    1
 Hardware stack levels required when called:    4
 This function calls:
		_Door_Status_Check
		___awdiv
		___awmod
		_clcd_print
		_clcd_putch
		_clear_display
 This function is called by:
		_operation_call
 This function uses a non-reentrant model


 *************** function _Door_Status_Check *****************
 Defined at:
		line 288 in file "main.c"
 Parameters:    Size  Location     Type
		None
 Auto vars:     Size  Location     Type
		None
 Return value:  Size  Location     Type
                  1    wreg      void 
 Registers used:
		wreg, fsr0l, fsr0h, status,2, status,0, btemp+1, pclath, cstack
 Tracked objects:
		On entry : 
		On exit  : 
		Unchanged: 
 Data sizes:     COMMON   BANK0   BANK1   BANK3   BANK2
      Params:         0       0       0       0       0
      Locals:         0       0       0       0       0
      Temps:          1       0       0       0       0
      Totals:         1       0       0       0       0
Total ram usage:        1 bytes
 Hardware stack levels used:    1
 Hardware stack levels required when called:    3
 This function calls:
		_clcd_print
		_clear_display
 This function is called by:
		_time_display
 This function uses a non-reentrant model


 *************** function _set_time *****************
 Defined at:
		line 202 in file "main.c"
 Parameters:    Size  Location     Type
  key             1    wreg     unsigned char 
 Auto vars:     Size  Location     Type
  key             1   15[BANK0 ] unsigned char 
 Return value:  Size  Location     Type
                  1    wreg      void 
 Registers used:
		wreg, fsr0l, fsr0h, status,2, status,0, btemp+1, pclath, cstack
 Tracked objects:
		On entry : 
		On exit  : 
		Unchanged: 
 Data sizes:     COMMON   BANK0   BANK1   BANK3   BANK2
      Params:         0       0       0       0       0
      Locals:         0       1       0       0       0
      Temps:          0       2       0       0       0
      Totals:         0       3       0       0       0
Total ram usage:        3 bytes
 Hardware stack levels used:    1
 Hardware stack levels required when called:    3
 This function calls:
		___awdiv
		___awmod
		___wmul
		_clcd_print
		_clcd_putch
		_clear_display
 This function is called by:
		_operation_call
 This function uses a non-reentrant model


 *************** function _set_temp *****************
 Defined at:
		line 339 in file "main.c"
 Parameters:    Size  Location     Type
  key             1    wreg     unsigned char 
 Auto vars:     Size  Location     Type
  key             1   16[BANK0 ] unsigned char 
 Return value:  Size  Location     Type
                  1    wreg      unsigned char 
 Registers used:
		wreg, fsr0l, fsr0h, status,2, status,0, btemp+1, pclath, cstack
 Tracked objects:
		On entry : 
		On exit  : 
		Unchanged: 
 Data sizes:     COMMON   BANK0   BANK1   BANK3   BANK2
      Params:         0       0       0       0       0
      Locals:         0       1       0       0       0
      Temps:          0       3       0       0       0
      Totals:         0       4       0       0       0
Total ram usage:        4 bytes
 Hardware stack levels used:    1
 Hardware stack levels required when called:    3
 This function calls:
		___awdiv
		___awmod
		___wmul
		_clcd_print
		_clcd_putch
		_clear_display
 This function is called by:
		_operation_call
 This function uses a non-reentrant model


 *************** function _clear_display *****************
 Defined at:
		line 197 in file "main.c"
 Parameters:    Size  Location     Type
		None
 Auto vars:     Size  Location     Type
		None
 Return value:  Size  Location     Type
                  1    wreg      void 
 Registers used:
		wreg, status,2, status,0, pclath, cstack
 Tracked objects:
		On entry : 
		On exit  : 
		Unchanged: 
 Data sizes:     COMMON   BANK0   BANK1   BANK3   BANK2
      Params:         0       0       0       0       0
      Locals:         0       0       0       0       0
      Temps:          0       0       0       0       0
      Totals:         0       0       0       0       0
Total ram usage:        0 bytes
 Hardware stack levels used:    1
 Hardware stack levels required when called:    2
 This function calls:
		_clcd_write
 This function is called by:
		_main
		_operation_call
		_set_time
		_Door_Status_Check
		_time_display
		_set_temp
 This function uses a non-reentrant model


 *************** function _clcd_putch *****************
 Defined at:
		line 55 in file "clcd.c"
 Parameters:    Size  Location     Type
  data            1    wreg     const unsigned char 
  addr            1   11[BANK0 ] unsigned char 
 Auto vars:     Size  Location     Type
  data            1   12[BANK0 ] const unsigned char 
 Return value:  Size  Location     Type
                  1    wreg      void 
 Registers used:
		wreg, status,2, status,0, pclath, cstack
 Tracked objects:
		On entry : 
		On exit  : 
		Unchanged: 
 Data sizes:     COMMON   BANK0   BANK1   BANK3   BANK2
      Params:         0       1       0       0       0
      Locals:         0       1       0       0       0
      Temps:          0       0       0       0       0
      Totals:         0       2       0       0       0
Total ram usage:        2 bytes
 Hardware stack levels used:    1
 Hardware stack levels required when called:    2
 This function calls:
		_clcd_write
 This function is called by:
		_power_on_screen
		_set_time
		_time_display
		_set_temp
 This function uses a non-reentrant model


 *************** function ___wmul *****************
 Defined at:
		line 15 in file "C:\Program Files (x86)\Microchip\xc8\v2.10\pic\sources\c90\common\Umul16.c"
 Parameters:    Size  Location     Type
  multiplier      2    3[COMMON] unsigned int 
  multiplicand    2    5[COMMON] unsigned int 
 Auto vars:     Size  Location     Type
  product         2    0[BANK0 ] unsigned int 
 Return value:  Size  Location     Type
                  2    3[COMMON] unsigned int 
 Registers used:
		wreg, status,2, status,0
 Tracked objects:
		On entry : 
		On exit  : 
		Unchanged: 
 Data sizes:     COMMON   BANK0   BANK1   BANK3   BANK2
      Params:         4       0       0       0       0
      Locals:         0       2       0       0       0
      Temps:          0       0       0       0       0
      Totals:         4       2       0       0       0
Total ram usage:        6 bytes
 Hardware stack levels used:    1
 Hardware stack levels required when called:    1
 This function calls:
		Nothing
 This function is called by:
		_set_time
		_set_temp
 This function uses a non-reentrant model


 *************** function ___awmod *****************
 Defined at:
		line 5 in file "C:\Program Files (x86)\Microchip\xc8\v2.10\pic\sources\c90\common\awmod.c"
 Parameters:    Size  Location     Type
  divisor         2    3[COMMON] int 
  dividend        2    5[COMMON] int 
 Auto vars:     Size  Location     Type
  sign            1    1[BANK0 ] unsigned char 
  counter         1    0[BANK0 ] unsigned char 
 Return value:  Size  Location     Type
                  2    3[COMMON] int 
 Registers used:
		wreg, status,2, status,0
 Tracked objects:
		On entry : 
		On exit  : 
		Unchanged: 
 Data sizes:     COMMON   BANK0   BANK1   BANK3   BANK2
      Params:         4       0       0       0       0
      Locals:         0       2       0       0       0
      Temps:          1       0       0       0       0
      Totals:         5       2       0       0       0
Total ram usage:        7 bytes
 Hardware stack levels used:    1
 Hardware stack levels required when called:    1
 This function calls:
		Nothing
 This function is called by:
		_set_time
		_time_display
		_set_temp
 This function uses a non-reentrant model


 *************** function ___awdiv *****************
 Defined at:
		line 5 in file "C:\Program Files (x86)\Microchip\xc8\v2.10\pic\sources\c90\common\awdiv.c"
 Parameters:    Size  Location     Type
  divisor         2    2[BANK0 ] int 
  dividend        2    4[BANK0 ] int 
 Auto vars:     Size  Location     Type
  quotient        2    9[BANK0 ] int 
  sign            1    8[BANK0 ] unsigned char 
  counter         1    7[BANK0 ] unsigned char 
 Return value:  Size  Location     Type
                  2    2[BANK0 ] int 
 Registers used:
		wreg, status,2, status,0
 Tracked objects:
		On entry : 
		On exit  : 
		Unchanged: 
 Data sizes:     COMMON   BANK0   BANK1   BANK3   BANK2
      Params:         0       4       0       0       0
      Locals:         0       4       0       0       0
      Temps:          0       1       0       0       0
      Totals:         0       9       0       0       0
Total ram usage:        9 bytes
 Hardware stack levels used:    1
 Hardware stack levels required when called:    1
 This function calls:
		Nothing
 This function is called by:
		_set_time
		_time_display
		_set_temp
 This function uses a non-reentrant model


 *************** function _cooking_mode_display *****************
 Defined at:
		line 190 in file "main.c"
 Parameters:    Size  Location     Type
		None
 Auto vars:     Size  Location     Type
		None
 Return value:  Size  Location     Type
                  1    wreg      void 
 Registers used:
		wreg, fsr0l, fsr0h, status,2, status,0, btemp+1, pclath, cstack
 Tracked objects:
		On entry : 
		On exit  : 
		Unchanged: 
 Data sizes:     COMMON   BANK0   BANK1   BANK3   BANK2
      Params:         0       0       0       0       0
      Locals:         0       0       0       0       0
      Temps:          1       0       0       0       0
      Totals:         1       0       0       0       0
Total ram usage:        1 bytes
 Hardware stack levels used:    1
 Hardware stack levels required when called:    3
 This function calls:
		_clcd_print
 This function is called by:
		_operation_call
 This function uses a non-reentrant model


 *************** function _clcd_print *****************
 Defined at:
		line 61 in file "clcd.c"
 Parameters:    Size  Location     Type
  str             2    0[BANK0 ] PTR const unsigned char 
		 -> STR_26(4), STR_25(11), STR_24(12), STR_23(17), 
		 -> STR_22(16), STR_21(13), STR_20(17), STR_19(17), 
		 -> STR_18(16), STR_17(16), STR_16(17), STR_15(10), 
		 -> STR_14(17), STR_13(17), STR_12(3), STR_11(3), 
		 -> min_array(3), sec_array(3), STR_10(16), STR_9(12), 
		 -> STR_8(16), STR_7(8), STR_6(13), STR_5(8), 
		 -> STR_4(8), STR_3(15), STR_2(12), STR_1(13), 
  addr            1    2[BANK0 ] unsigned char 
 Auto vars:     Size  Location     Type
		None
 Return value:  Size  Location     Type
                  1    wreg      void 
 Registers used:
		wreg, fsr0l, fsr0h, status,2, status,0, btemp+1, pclath, cstack
 Tracked objects:
		On entry : 
		On exit  : 
		Unchanged: 
 Data sizes:     COMMON   BANK0   BANK1   BANK3   BANK2
      Params:         0       3       0       0       0
      Locals:         0       0       0       0       0
      Temps:          0       0       0       0       0
      Totals:         0       3       0       0       0
Total ram usage:        3 bytes
 Hardware stack levels used:    1
 Hardware stack levels required when called:    2
 This function calls:
		_clcd_write
 This function is called by:
		_main
		_power_on_screen
		_cooking_mode_display
		_set_time
		_Door_Status_Check
		_time_display
		_set_temp
 This function uses a non-reentrant model


 *************** function _init_config *****************
 Defined at:
		line 19 in file "main.c"
 Parameters:    Size  Location     Type
		None
 Auto vars:     Size  Location     Type
		None
 Return value:  Size  Location     Type
                  1    wreg      void 
 Registers used:
		wreg, status,2, status,0, pclath, cstack
 Tracked objects:
		On entry : 
		On exit  : 
		Unchanged: 
 Data sizes:     COMMON   BANK0   BANK1   BANK3   BANK2
      Params:         0       0       0       0       0
      Locals:         0       0       0       0       0
      Temps:          0       0       0       0       0
      Totals:         0       0       0       0       0
Total ram usage:        0 bytes
 Hardware stack levels used:    1
 Hardware stack levels required when called:    4
 This function calls:
		_init_clcd
		_init_matrix_keypad
		_init_timer2
 This function is called by:
		_main
 This function uses a non-reentrant model


 *************** function _init_timer2 *****************
 Defined at:
		line 3 in file "timers.c"
 Parameters:    Size  Location     Type
		None
 Auto vars:     Size  Location     Type
		None
 Return value:  Size  Location     Type
                  1    wreg      void 
 Registers used:
		wreg
 Tracked objects:
		On entry : 
		On exit  : 
		Unchanged: 
 Data sizes:     COMMON   BANK0   BANK1   BANK3   BANK2
      Params:         0       0       0       0       0
      Locals:         0       0       0       0       0
      Temps:          0       0       0       0       0
      Totals:         0       0       0       0       0
Total ram usage:        0 bytes
 Hardware stack levels used:    1
 Hardware stack levels required when called:    1
 This function calls:
		Nothing
 This function is called by:
		_init_config
 This function uses a non-reentrant model


 *************** function _init_matrix_keypad *****************
 Defined at:
		line 4 in file "matrix_keypad.c"
 Parameters:    Size  Location     Type
		None
 Auto vars:     Size  Location     Type
		None
 Return value:  Size  Location     Type
                  1    wreg      void 
 Registers used:
		wreg, status,2
 Tracked objects:
		On entry : 
		On exit  : 
		Unchanged: 
 Data sizes:     COMMON   BANK0   BANK1   BANK3   BANK2
      Params:         0       0       0       0       0
      Locals:         0       0       0       0       0
      Temps:          0       0       0       0       0
      Totals:         0       0       0       0       0
Total ram usage:        0 bytes
 Hardware stack levels used:    1
 Hardware stack levels required when called:    1
 This function calls:
		Nothing
 This function is called by:
		_init_config
 This function uses a non-reentrant model


 *************** function _init_clcd *****************
 Defined at:
		line 43 in file "clcd.c"
 Parameters:    Size  Location     Type
		None
 Auto vars:     Size  Location     Type
		None
 Return value:  Size  Location     Type
                  1    wreg      void 
 Registers used:
		wreg, status,2, status,0, pclath, cstack
 Tracked objects:
		On entry : 
		On exit  : 
		Unchanged: 
 Data sizes:     COMMON   BANK0   BANK1   BANK3   BANK2
      Params:         0       0       0       0       0
      Locals:         0       0       0       0       0
      Temps:          0       0       0       0       0
      Totals:         0       0       0       0       0
Total ram usage:        0 bytes
 Hardware stack levels used:    1
 Hardware stack levels required when called:    3
 This function calls:
		_init_display_controller
 This function is called by:
		_init_config
 This function uses a non-reentrant model


 *************** function _init_display_controller *****************
 Defined at:
		line 21 in file "clcd.c"
 Parameters:    Size  Location     Type
		None
 Auto vars:     Size  Location     Type
		None
 Return value:  Size  Location     Type
                  1    wreg      void 
 Registers used:
		wreg, status,2, status,0, pclath, cstack
 Tracked objects:
		On entry : 
		On exit  : 
		Unchanged: 
 Data sizes:     COMMON   BANK0   BANK1   BANK3   BANK2
      Params:         0       0       0       0       0
      Locals:         0       0       0       0       0
      Temps:          0       2       0       0       0
      Totals:         0       2       0       0       0
Total ram usage:        2 bytes
 Hardware stack levels used:    1
 Hardware stack levels required when called:    2
 This function calls:
		_clcd_write
 This function is called by:
		_init_clcd
 This function uses a non-reentrant model


 *************** function _clcd_write *****************
 Defined at:
		line 4 in file "clcd.c"
 Parameters:    Size  Location     Type
  byte            1    wreg     unsigned char 
  mode            1    3[COMMON] unsigned char 
 Auto vars:     Size  Location     Type
  byte            1    6[COMMON] unsigned char 
 Return value:  Size  Location     Type
                  1    wreg      void 
 Registers used:
		wreg, status,2, status,0
 Tracked objects:
		On entry : 
		On exit  : 
		Unchanged: 
 Data sizes:     COMMON   BANK0   BANK1   BANK3   BANK2
      Params:         1       0       0       0       0
      Locals:         1       0       0       0       0
      Temps:          2       0       0       0       0
      Totals:         4       0       0       0       0
Total ram usage:        4 bytes
 Hardware stack levels used:    1
 Hardware stack levels required when called:    1
 This function calls:
		Nothing
 This function is called by:
		_main
		_clear_display
		_init_display_controller
		_clcd_putch
		_clcd_print
 This function uses a non-reentrant model


 *************** function _isr *****************
 Defined at:
		line 5 in file "isr.c"
 Parameters:    Size  Location     Type
		None
 Auto vars:     Size  Location     Type
		None
 Return value:  Size  Location     Type
                  1    wreg      void 
 Registers used:
		wreg, status,2, status,0, btemp+1
 Tracked objects:
		On entry : 
		On exit  : 
		Unchanged: 
 Data sizes:     COMMON   BANK0   BANK1   BANK3   BANK2
      Params:         0       0       0       0       0
      Locals:         0       0       0       0       0
      Temps:          3       0       0       0       0
      Totals:         3       0       0       0       0
Total ram usage:        3 bytes
 Hardware stack levels used:    1
 This function calls:
		Nothing
 This function is called by:
		Interrupt level 1
 This function uses a non-reentrant model



MODULE INFORMATION

Module		Function		Class		Link	Load	Size
timers.c
		_init_timer2   		CODE           	0B89	0000	14

timers.c estimated size: 14

C:\Program Files (x86)\Microchip\xc8\v2.10\pic\sources\c90\common\awdiv.c
		___awdiv       		CODE           	0E1C	0000	106

C:\Program Files (x86)\Microchip\xc8\v2.10\pic\sources\c90\common\awdiv.c estimated size: 106

matrix_keypad.c
		_init_matrix_keypad		CODE           	0B96	0000	17
		_read_matrix_keypad		CODE           	0BD9	0000	38
		_scan_keypad   		CODE           	0751	0000	173

matrix_keypad.c estimated size: 228

C:\Program Files (x86)\Microchip\xc8\v2.10\pic\sources\c90\common\Umul16.c
		___wmul        		CODE           	0BFE	0000	44

C:\Program Files (x86)\Microchip\xc8\v2.10\pic\sources\c90\common\Umul16.c estimated size: 44

isr.c
		_isr           		CODE           	0D06	0000	89

isr.c estimated size: 89

shared
		__stringtab    		STRING         	0800	0000	19
		__initialization		CODE           	0013	0000	18

shared estimated size: 37

clcd.c
		_clcd_write    		CODE           	0C5C	0000	55
		_clcd_print    		CODE           	0C29	0000	52
		_clcd_putch    		CODE           	0BA6	0000	22
		_init_display_controller		CODE           	0DB9	0000	100
		_init_clcd     		CODE           	0B7E	0000	12

clcd.c estimated size: 241

C:\Program Files (x86)\Microchip\xc8\v2.10\pic\sources\c90\common\awmod.c
		___awmod       		CODE           	0D5E	0000	92

C:\Program Files (x86)\Microchip\xc8\v2.10\pic\sources\c90\common\awmod.c estimated size: 92

main.c
		_main          		CODE           	062D	0000	293
		_set_temp      		CODE           	024A	0000	544
		_clear_display 		CODE           	0B6E	0000	9
		_cooking_mode_display		CODE           	0CC9	0000	62
		_Door_Status_Check		CODE           	0C92	0000	56
		_power_on_screen		CODE           	0E85	0000	123
		_set_time      		CODE           	0028	0000	547
		_init_config   		CODE           	0BBB	0000	31
		_operation_call		CODE           	0469	0000	147
		_time_display  		CODE           	0EFF	0000	258

main.c estimated size: 2070

